------------------------------------------------------------
TimeQuest Timing Analyzer Summary
------------------------------------------------------------

Type  : Slow 1200mV 85C Model Setup 'CLOCK_50'
Slack : -3.819
TNS   : -57.904

Type  : Slow 1200mV 85C Model Setup 'freqDivN:inst|clkOut'
Slack : -2.255
TNS   : -43.924

Type  : Slow 1200mV 85C Model Hold 'freqDivN:inst|clkOut'
Slack : 0.403
TNS   : 0.000

Type  : Slow 1200mV 85C Model Hold 'CLOCK_50'
Slack : 0.450
TNS   : 0.000

Type  : Slow 1200mV 85C Model Minimum Pulse Width 'CLOCK_50'
Slack : -3.000
TNS   : -28.700

Type  : Slow 1200mV 85C Model Minimum Pulse Width 'freqDivN:inst|clkOut'
Slack : -1.285
TNS   : -66.820

Type  : Slow 1200mV 0C Model Setup 'CLOCK_50'
Slack : -3.422
TNS   : -51.302

Type  : Slow 1200mV 0C Model Setup 'freqDivN:inst|clkOut'
Slack : -1.950
TNS   : -36.872

Type  : Slow 1200mV 0C Model Hold 'freqDivN:inst|clkOut'
Slack : 0.354
TNS   : 0.000

Type  : Slow 1200mV 0C Model Hold 'CLOCK_50'
Slack : 0.407
TNS   : 0.000

Type  : Slow 1200mV 0C Model Minimum Pulse Width 'CLOCK_50'
Slack : -3.000
TNS   : -28.700

Type  : Slow 1200mV 0C Model Minimum Pulse Width 'freqDivN:inst|clkOut'
Slack : -1.285
TNS   : -66.820

Type  : Fast 1200mV 0C Model Setup 'CLOCK_50'
Slack : -1.396
TNS   : -17.094

Type  : Fast 1200mV 0C Model Setup 'freqDivN:inst|clkOut'
Slack : -0.600
TNS   : -7.334

Type  : Fast 1200mV 0C Model Hold 'freqDivN:inst|clkOut'
Slack : 0.182
TNS   : 0.000

Type  : Fast 1200mV 0C Model Hold 'CLOCK_50'
Slack : 0.203
TNS   : 0.000

Type  : Fast 1200mV 0C Model Minimum Pulse Width 'CLOCK_50'
Slack : -3.000
TNS   : -24.239

Type  : Fast 1200mV 0C Model Minimum Pulse Width 'freqDivN:inst|clkOut'
Slack : -1.000
TNS   : -52.000

------------------------------------------------------------
